../Core/Src/esp32_at.c:20:6:ESP32_Init	16	static
../Core/Src/esp32_at.c:29:6:ESP32_ClearBuffer	8	static
../Core/Src/esp32_at.c:38:7:ESP32_GetLastResponse	4	static
../Core/Src/esp32_at.c:46:17:ESP32_Receive	24	static
../Core/Src/esp32_at.c:90:16:ESP32_SendCommand	32	static
../Core/Src/esp32_at.c:117:16:ESP32_Test	8	static
../Core/Src/esp32_at.c:125:16:ESP32_Reset	16	static
../Core/Src/esp32_at.c:135:16:ESP32_EchoOff	8	static
../Core/Src/esp32_at.c:143:16:ESP32_SetWiFiMode	16	static
../Core/Src/esp32_at.c:152:16:ESP32_ConnectWiFi	24	static
../Core/Src/esp32_at.c:161:16:ESP32_DisconnectWiFi	8	static
../Core/Src/esp32_at.c:169:16:ESP32_GetIP	24	static
../Core/Src/esp32_at.c:183:16:ESP32_SetupAP	40	static
../Core/Src/esp32_at.c:193:16:ESP32_SetMultipleConnections	16	static
../Core/Src/esp32_at.c:202:16:ESP32_StartTCPServer	16	static
../Core/Src/esp32_at.c:211:16:ESP32_StopTCPServer	8	static
../Core/Src/esp32_at.c:219:16:ESP32_ConnectTCP	24	static
../Core/Src/esp32_at.c:228:16:ESP32_SendData	40	static
../Core/Src/esp32_at.c:267:16:ESP32_SendToClient	48	static
../Core/Src/esp32_at.c:306:16:ESP32_CloseClient	16	static
../Core/Src/esp32_at.c:321:9:ESP32_CheckForData	48	static
