../Core/Src/main.c:125:13:ESP32_FlushBuffer	2
../Core/Src/main.c:135:23:ESP32_WaitResponse	11
../Core/Src/main.c:178:23:ESP32_SendCommand	2
../Core/Src/main.c:193:26:ESP32_StartWebserver	6
../Core/Src/main.c:229:16:ESP32_HasStaticWiFi	1
../Core/Src/main.c:237:26:ESP32_ConnectWiFi	4
../Core/Src/main.c:261:26:ESP32_ConnectTCP	2
../Core/Src/main.c:277:26:ESP32_SendData	4
../Core/Src/main.c:304:13:LED_ShowDirection	5
../Core/Src/main.c:335:5:main	11
../Core/Src/main.c:481:6:SystemClock_Config	4
../Core/Src/main.c:523:13:MX_I2C1_Init	4
../Core/Src/main.c:548:13:MX_SPI1_Init	2
../Core/Src/main.c:570:13:MX_TIM3_Init	4
../Core/Src/main.c:598:13:MX_USART1_UART_Init	2
../Core/Src/main.c:616:13:MX_USART2_UART_Init	2
../Core/Src/main.c:634:13:MX_USB_PCD_Init	2
../Core/Src/main.c:648:13:MX_GPIO_Init	1
../Core/Src/main.c:682:6:Error_Handler	1
