../Core/Src/main.c:125:13:ESP32_FlushBuffer	16	static
../Core/Src/main.c:135:23:ESP32_WaitResponse	40	static
../Core/Src/main.c:178:23:ESP32_SendCommand	24	static
../Core/Src/main.c:193:26:ESP32_StartWebserver	112	static
../Core/Src/main.c:229:16:ESP32_HasStaticWiFi	4	static
../Core/Src/main.c:237:26:ESP32_ConnectWiFi	144	static
../Core/Src/main.c:261:26:ESP32_ConnectTCP	80	static
../Core/Src/main.c:277:26:ESP32_SendData	56	static
../Core/Src/main.c:304:13:LED_ShowDirection	16	static
../Core/Src/main.c:335:5:main	112	static
../Core/Src/main.c:481:6:SystemClock_Config	128	static
../Core/Src/main.c:523:13:MX_I2C1_Init	8	static
../Core/Src/main.c:548:13:MX_SPI1_Init	8	static
../Core/Src/main.c:570:13:MX_TIM3_Init	40	static
../Core/Src/main.c:598:13:MX_USART1_UART_Init	8	static
../Core/Src/main.c:616:13:MX_USART2_UART_Init	8	static
../Core/Src/main.c:634:13:MX_USB_PCD_Init	8	static
../Core/Src/main.c:648:13:MX_GPIO_Init	48	static
../Core/Src/main.c:682:6:Error_Handler	4	static,ignoring_inline_asm
